Environment: Lilei
Python location: /home/liqinglei/miniconda3/envs/Lilei/bin/python
Job started at: 2025年 10月 18日 星期六 21:17:35 CST
Running on: dm-server-9
**************************************************
Baseline: SAR (Sharpness-Aware Test-Time Adaptation)
batch_size: 32
Dataset: CUB200, Model: efficientnet-b3
SAR learning rate: 0.001
SAM rho: 0.05
Entropy threshold: 0.4
**************************************************
Training: 8084, Val: 1777, Test: 1927

==================================================
Phase 1: Standard Supervised Training
==================================================


Better model found in supervised training!
Epoch 1: Train Loss=5.2964, Train Acc=0.79%, Val Acc=1.63%, Test Acc=1.87%

Better model found in supervised training!
Epoch 2: Train Loss=5.1768, Train Acc=2.75%, Val Acc=13.22%, Test Acc=12.71%

Better model found in supervised training!
Epoch 3: Train Loss=4.8577, Train Acc=13.52%, Val Acc=31.85%, Test Acc=30.62%

Better model found in supervised training!
Epoch 4: Train Loss=3.9700, Train Acc=28.59%, Val Acc=45.58%, Test Acc=46.86%

Better model found in supervised training!
Epoch 5: Train Loss=2.9189, Train Acc=41.84%, Val Acc=61.85%, Test Acc=61.49%

Better model found in supervised training!
Epoch 6: Train Loss=2.1930, Train Acc=52.42%, Val Acc=68.04%, Test Acc=67.36%

Better model found in supervised training!
Epoch 7: Train Loss=1.7804, Train Acc=59.61%, Val Acc=72.82%, Test Acc=73.33%

Better model found in supervised training!
Epoch 8: Train Loss=1.5427, Train Acc=64.52%, Val Acc=76.65%, Test Acc=76.96%

Better model found in supervised training!
Epoch 9: Train Loss=1.3299, Train Acc=67.83%, Val Acc=77.77%, Test Acc=78.31%

Better model found in supervised training!
Epoch 10: Train Loss=1.2246, Train Acc=70.65%, Val Acc=78.11%, Test Acc=79.66%

Better model found in supervised training!
Epoch 11: Train Loss=1.1280, Train Acc=72.76%, Val Acc=80.08%, Test Acc=80.85%

Better model found in supervised training!
Epoch 12: Train Loss=1.0513, Train Acc=74.21%, Val Acc=80.87%, Test Acc=80.90%

Better model found in supervised training!
Epoch 13: Train Loss=1.0042, Train Acc=75.52%, Val Acc=81.49%, Test Acc=82.41%

Better model found in supervised training!
Epoch 14: Train Loss=0.9431, Train Acc=76.81%, Val Acc=82.10%, Test Acc=81.79%
Epoch 15: Train Loss=0.8822, Train Acc=78.46%, Val Acc=80.81%, Test Acc=81.63%
Epoch 16: Train Loss=0.8441, Train Acc=79.74%, Val Acc=81.71%, Test Acc=82.04%

Better model found in supervised training!
Epoch 17: Train Loss=0.8393, Train Acc=80.07%, Val Acc=83.01%, Test Acc=82.41%

Better model found in supervised training!
Epoch 18: Train Loss=0.7863, Train Acc=81.47%, Val Acc=83.34%, Test Acc=83.24%
Epoch 19: Train Loss=0.7854, Train Acc=81.12%, Val Acc=83.01%, Test Acc=83.34%

Better model found in supervised training!
Epoch 20: Train Loss=0.7394, Train Acc=82.37%, Val Acc=83.74%, Test Acc=83.03%

Better model found in supervised training!
Epoch 21: Train Loss=0.6971, Train Acc=83.34%, Val Acc=84.07%, Test Acc=83.24%
Epoch 22: Train Loss=0.6906, Train Acc=83.49%, Val Acc=83.17%, Test Acc=83.55%
Epoch 23: Train Loss=0.6764, Train Acc=83.70%, Val Acc=84.02%, Test Acc=84.64%

Better model found in supervised training!
Epoch 24: Train Loss=0.6417, Train Acc=84.71%, Val Acc=84.30%, Test Acc=83.55%
Epoch 25: Train Loss=0.6457, Train Acc=84.76%, Val Acc=84.30%, Test Acc=84.07%

Better model found in supervised training!
Epoch 26: Train Loss=0.6435, Train Acc=84.62%, Val Acc=85.03%, Test Acc=83.65%
Epoch 27: Train Loss=0.5977, Train Acc=85.68%, Val Acc=84.64%, Test Acc=84.02%
Epoch 28: Train Loss=0.6023, Train Acc=86.47%, Val Acc=84.52%, Test Acc=84.02%
Epoch 29: Train Loss=0.5931, Train Acc=85.87%, Val Acc=84.86%, Test Acc=84.02%
Epoch 30: Train Loss=0.5970, Train Acc=85.82%, Val Acc=84.81%, Test Acc=84.28%

==================================================
Supervised Training Finished!
Best Val Acc (Supervised): 85.03%
==================================================


==================================================
Phase 2: SAR - Test-Time Adaptation with SAM
==================================================

Optimizing 156 BatchNorm parameters

Average SAR Loss: 1.3790
Average Filter Ratio (reliable samples): 0.30

==================================================
Final Results:
==================================================
After Supervised Training:
  Best Val Acc: 85.03%

After SAR Adaptation:
  Val Acc: 29.04%
  Test Acc: 27.04%
  Improvement: -55.99%
==================================================
