Environment: Lilei
Python location: /home/liqinglei/miniconda3/envs/Lilei/bin/python
Job started at: 2025年 10月 18日 星期六 22:23:38 CST
Running on: dm-server-10
**************************************************
Baseline: SAR (Sharpness-Aware Test-Time Adaptation)
batch_size: 32
Dataset: CUB200, Model: efficientnet-b3
SAR learning rate: 0.001
SAM rho: 0.05
Entropy threshold: 0.4
**************************************************
Training: 8084, Val: 1777, Test: 1927

==================================================
Better model found!
==================================================

Epoch 1:
  Supervised Loss=5.2897, SAR Loss=0.0000
  Filter Ratio (reliable samples)=0.00
  Train Acc=0.84%
  Val Acc=0.62%, Test Acc=0.88%, Val Top5=3.60%, Test Top5=4.10%

==================================================
Better model found!
==================================================

Epoch 2:
  Supervised Loss=5.1705, SAR Loss=0.0000
  Filter Ratio (reliable samples)=0.00
  Train Acc=3.25%
  Val Acc=2.53%, Test Acc=2.75%, Val Top5=9.90%, Test Top5=9.44%

==================================================
Better model found!
==================================================

Epoch 3:
  Supervised Loss=4.8513, SAR Loss=0.0000
  Filter Ratio (reliable samples)=0.00
  Train Acc=14.37%
  Val Acc=7.32%, Test Acc=6.80%, Val Top5=22.51%, Test Top5=20.76%

==================================================
Better model found!
==================================================

Epoch 4:
  Supervised Loss=3.9795, SAR Loss=0.1570
  Filter Ratio (reliable samples)=0.00
  Train Acc=27.55%
  Val Acc=10.19%, Test Acc=10.74%, Val Top5=25.10%, Test Top5=26.15%

==================================================
Better model found!
==================================================

Epoch 5:
  Supervised Loss=2.9378, SAR Loss=1.4768
  Filter Ratio (reliable samples)=0.07
  Train Acc=41.08%
  Val Acc=13.51%, Test Acc=13.80%, Val Top5=30.16%, Test Top5=29.84%

==================================================
Better model found!
==================================================

Epoch 6:
  Supervised Loss=2.1946, SAR Loss=1.3361
  Filter Ratio (reliable samples)=0.23
  Train Acc=52.68%
  Val Acc=15.03%, Test Acc=14.84%, Val Top5=33.65%, Test Top5=33.68%

==================================================
Better model found!
==================================================

Epoch 7:
  Supervised Loss=1.7906, SAR Loss=1.2933
  Filter Ratio (reliable samples)=0.39
  Train Acc=58.94%
  Val Acc=16.54%, Test Acc=16.24%, Val Top5=35.73%, Test Top5=34.87%

==================================================
Better model found!
==================================================

Epoch 8:
  Supervised Loss=1.5047, SAR Loss=1.1957
  Filter Ratio (reliable samples)=0.50
  Train Acc=64.47%
  Val Acc=19.13%, Test Acc=18.99%, Val Top5=38.44%, Test Top5=37.88%

==================================================
Better model found!
==================================================

Epoch 9:
  Supervised Loss=1.3308, SAR Loss=1.0853
  Filter Ratio (reliable samples)=0.60
  Train Acc=67.36%
  Val Acc=20.15%, Test Acc=18.89%, Val Top5=40.01%, Test Top5=39.54%

==================================================
Better model found!
==================================================

Epoch 10:
  Supervised Loss=1.1961, SAR Loss=1.0091
  Filter Ratio (reliable samples)=0.65
  Train Acc=70.76%
  Val Acc=21.61%, Test Acc=21.48%, Val Top5=42.66%, Test Top5=40.84%

==================================================
Better model found!
==================================================

Epoch 11:
  Supervised Loss=1.0875, SAR Loss=0.9449
  Filter Ratio (reliable samples)=0.69
  Train Acc=73.13%
  Val Acc=23.35%, Test Acc=22.99%, Val Top5=43.33%, Test Top5=41.20%

==================================================
Better model found!
==================================================

Epoch 12:
  Supervised Loss=1.0232, SAR Loss=0.9162
  Filter Ratio (reliable samples)=0.72
  Train Acc=74.15%
  Val Acc=23.64%, Test Acc=22.83%, Val Top5=45.69%, Test Top5=43.07%

==================================================
Better model found!
==================================================

Epoch 13:
  Supervised Loss=0.9793, SAR Loss=0.8679
  Filter Ratio (reliable samples)=0.74
  Train Acc=75.98%
  Val Acc=24.59%, Test Acc=23.87%, Val Top5=45.75%, Test Top5=43.85%

==================================================
Better model found!
==================================================

Epoch 14:
  Supervised Loss=0.9115, SAR Loss=0.8124
  Filter Ratio (reliable samples)=0.76
  Train Acc=77.07%
  Val Acc=25.15%, Test Acc=24.60%, Val Top5=47.27%, Test Top5=44.42%

Epoch 15:
  Supervised Loss=0.8513, SAR Loss=0.7802
  Filter Ratio (reliable samples)=0.78
  Train Acc=78.85%
  Val Acc=24.87%, Test Acc=24.96%, Val Top5=46.99%, Test Top5=45.30%

==================================================
Better model found!
==================================================

Epoch 16:
  Supervised Loss=0.8364, SAR Loss=0.7764
  Filter Ratio (reliable samples)=0.78
  Train Acc=78.61%
  Val Acc=26.28%, Test Acc=25.43%, Val Top5=47.83%, Test Top5=46.39%

==================================================
Better model found!
==================================================

Epoch 17:
  Supervised Loss=0.7810, SAR Loss=0.7336
  Filter Ratio (reliable samples)=0.79
  Train Acc=80.36%
  Val Acc=26.51%, Test Acc=25.38%, Val Top5=49.58%, Test Top5=46.55%

==================================================
Better model found!
==================================================

Epoch 18:
  Supervised Loss=0.7607, SAR Loss=0.7112
  Filter Ratio (reliable samples)=0.81
  Train Acc=81.28%
  Val Acc=27.74%, Test Acc=24.75%, Val Top5=48.23%, Test Top5=45.93%

==================================================
Better model found!
==================================================

Epoch 19:
  Supervised Loss=0.7221, SAR Loss=0.7167
  Filter Ratio (reliable samples)=0.83
  Train Acc=81.96%
  Val Acc=28.25%, Test Acc=25.84%, Val Top5=48.73%, Test Top5=46.76%

Epoch 20:
  Supervised Loss=0.7256, SAR Loss=0.6781
  Filter Ratio (reliable samples)=0.83
  Train Acc=81.84%
  Val Acc=28.14%, Test Acc=26.47%, Val Top5=49.24%, Test Top5=47.54%

==================================================
Better model found!
==================================================

Epoch 21:
  Supervised Loss=0.6716, SAR Loss=0.6622
  Filter Ratio (reliable samples)=0.83
  Train Acc=82.74%
  Val Acc=28.64%, Test Acc=26.41%, Val Top5=49.63%, Test Top5=47.64%

Epoch 22:
  Supervised Loss=0.6287, SAR Loss=0.6563
  Filter Ratio (reliable samples)=0.84
  Train Acc=83.88%
  Val Acc=28.31%, Test Acc=27.35%, Val Top5=50.42%, Test Top5=48.88%

==================================================
Better model found!
==================================================

Epoch 23:
  Supervised Loss=0.6429, SAR Loss=0.6521
  Filter Ratio (reliable samples)=0.84
  Train Acc=83.91%
  Val Acc=28.98%, Test Acc=27.19%, Val Top5=50.48%, Test Top5=49.09%

==================================================
Better model found!
==================================================

Epoch 24:
  Supervised Loss=0.6190, SAR Loss=0.6024
  Filter Ratio (reliable samples)=0.86
  Train Acc=84.85%
  Val Acc=29.21%, Test Acc=27.87%, Val Top5=50.31%, Test Top5=49.04%

Epoch 25:
  Supervised Loss=0.5937, SAR Loss=0.6058
  Filter Ratio (reliable samples)=0.86
  Train Acc=85.19%
  Val Acc=29.04%, Test Acc=27.82%, Val Top5=51.21%, Test Top5=49.20%

Epoch 26:
  Supervised Loss=0.5743, SAR Loss=0.6018
  Filter Ratio (reliable samples)=0.87
  Train Acc=85.23%
  Val Acc=28.76%, Test Acc=27.66%, Val Top5=51.66%, Test Top5=49.61%

==================================================
Better model found!
==================================================

Epoch 27:
  Supervised Loss=0.6047, SAR Loss=0.5915
  Filter Ratio (reliable samples)=0.88
  Train Acc=85.07%
  Val Acc=29.66%, Test Acc=27.87%, Val Top5=51.44%, Test Top5=50.03%

Epoch 28:
  Supervised Loss=0.5580, SAR Loss=0.5605
  Filter Ratio (reliable samples)=0.86
  Train Acc=86.34%
  Val Acc=29.66%, Test Acc=27.97%, Val Top5=51.83%, Test Top5=49.97%

Epoch 29:
  Supervised Loss=0.6010, SAR Loss=0.5675
  Filter Ratio (reliable samples)=0.87
  Train Acc=85.07%
  Val Acc=29.60%, Test Acc=27.87%, Val Top5=51.44%, Test Top5=49.46%

==================================================
Better model found!
==================================================

Epoch 30:
  Supervised Loss=0.5663, SAR Loss=0.5729
  Filter Ratio (reliable samples)=0.88
  Train Acc=85.98%
  Val Acc=29.83%, Test Acc=27.97%, Val Top5=51.49%, Test Top5=49.56%

==================================================
Training Finished!
Best Val Acc: 29.83%
Best Test Acc: 27.97%
==================================================
