Environment: Lilei
Python location: /home/liqinglei/miniconda3/envs/Lilei/bin/python
Job started at: 2025年 10月 18日 星期六 16:39:23 CST
Running on: dm-server-10
**************************************************
Baseline: Pseudo-Labeling
batch_size: 64
Dataset: CUB200, Model: efficientnet-b3
Confidence threshold: 0.9
Pseudo-label start epoch: 5
**************************************************
Training: 8084, Val: 1777, Test: 1927

==================================================
Better model found!
==================================================
Epoch 1: Train Loss=5.3066, Train Acc=0.73%, Val Acc=1.13%, Test Acc=1.25%, Val Top5=3.83%, Test Top5=4.77%

==================================================
Better model found!
==================================================
Epoch 2: Train Loss=5.2437, Train Acc=1.43%, Val Acc=3.88%, Test Acc=4.20%, Val Top5=14.97%, Test Top5=15.15%

==================================================
Better model found!
==================================================
Epoch 3: Train Loss=5.1171, Train Acc=4.90%, Val Acc=17.61%, Test Acc=16.40%, Val Top5=40.18%, Test Top5=39.23%

==================================================
Better model found!
==================================================
Epoch 4: Train Loss=4.8574, Train Acc=14.96%, Val Acc=30.11%, Test Acc=31.50%, Val Top5=63.42%, Test Top5=61.75%

==================================================
Better model found!
==================================================
Epoch 5: Train Loss=4.2832, Train Acc=26.37%, Val Acc=39.22%, Test Acc=40.17%, Val Top5=71.69%, Test Top5=69.90%

==================================================
Generating pseudo-labels from validation set...
Pseudo-labels: 0/0 correct (0.00%)
No high-confidence pseudo-labels generated, using original training set

==================================================
Better model found!
==================================================
Epoch 6: Train Loss=2.2250, Train Acc=44.84%, Val Acc=62.46%, Test Acc=61.18%, Val Top5=88.58%, Test Top5=89.57%

==================================================
Generating pseudo-labels from validation set...
Pseudo-labels: 318/333 correct (95.50%)
Combined dataset size: 8417
