Environment: Lilei
Python location: /home/liqinglei/miniconda3/envs/Lilei/bin/python
Job started at: 2025年 10月 18日 星期六 17:24:13 CST
Running on: dm-server-10
**************************************************
Baseline: TENT (Test-Time Entropy Minimization)
batch_size: 32
Dataset: CUB200, Model: efficientnet-b3
TENT learning rate: 0.0001
TENT steps per batch: 1
**************************************************
Training: 8084, Val: 1777, Test: 1927

==================================================
Phase 1: Standard Supervised Training
==================================================


Better model found in supervised training!
Epoch 1: Train Loss=5.2893, Train Acc=0.79%, Val Acc=2.59%, Test Acc=1.61%

Better model found in supervised training!
Epoch 2: Train Loss=5.1707, Train Acc=2.60%, Val Acc=13.96%, Test Acc=11.26%

Better model found in supervised training!
Epoch 3: Train Loss=4.8461, Train Acc=13.43%, Val Acc=29.88%, Test Acc=30.05%

Better model found in supervised training!
Epoch 4: Train Loss=3.9710, Train Acc=27.29%, Val Acc=45.92%, Test Acc=45.10%

Better model found in supervised training!
Epoch 5: Train Loss=2.9282, Train Acc=40.97%, Val Acc=60.21%, Test Acc=59.78%

Better model found in supervised training!
Epoch 6: Train Loss=2.2071, Train Acc=51.66%, Val Acc=68.94%, Test Acc=68.86%

Better model found in supervised training!
Epoch 7: Train Loss=1.8113, Train Acc=59.14%, Val Acc=72.65%, Test Acc=73.02%

Better model found in supervised training!
Epoch 8: Train Loss=1.5363, Train Acc=63.57%, Val Acc=76.70%, Test Acc=76.80%

Better model found in supervised training!
Epoch 9: Train Loss=1.3653, Train Acc=67.60%, Val Acc=77.77%, Test Acc=79.55%

Better model found in supervised training!
Epoch 10: Train Loss=1.2517, Train Acc=69.92%, Val Acc=80.14%, Test Acc=80.44%
Epoch 11: Train Loss=1.1239, Train Acc=72.74%, Val Acc=80.08%, Test Acc=80.90%

Better model found in supervised training!
Epoch 12: Train Loss=1.0680, Train Acc=73.82%, Val Acc=80.70%, Test Acc=80.44%

Better model found in supervised training!
Epoch 13: Train Loss=0.9712, Train Acc=75.88%, Val Acc=81.15%, Test Acc=81.63%

Better model found in supervised training!
Epoch 14: Train Loss=0.9420, Train Acc=77.20%, Val Acc=81.32%, Test Acc=82.46%

Better model found in supervised training!
Epoch 15: Train Loss=0.8976, Train Acc=77.99%, Val Acc=82.05%, Test Acc=83.13%

Better model found in supervised training!
Epoch 16: Train Loss=0.8593, Train Acc=78.98%, Val Acc=82.95%, Test Acc=83.65%
Epoch 17: Train Loss=0.8171, Train Acc=80.10%, Val Acc=82.50%, Test Acc=83.19%

Better model found in supervised training!
Epoch 18: Train Loss=0.7951, Train Acc=80.70%, Val Acc=83.12%, Test Acc=83.91%

Better model found in supervised training!
Epoch 19: Train Loss=0.7335, Train Acc=82.35%, Val Acc=83.62%, Test Acc=83.81%

Better model found in supervised training!
Epoch 20: Train Loss=0.7104, Train Acc=83.08%, Val Acc=83.68%, Test Acc=83.71%

Better model found in supervised training!
Epoch 21: Train Loss=0.6914, Train Acc=83.13%, Val Acc=83.85%, Test Acc=84.17%
Epoch 22: Train Loss=0.6969, Train Acc=83.25%, Val Acc=83.85%, Test Acc=83.91%

Better model found in supervised training!
Epoch 23: Train Loss=0.6359, Train Acc=85.09%, Val Acc=84.47%, Test Acc=83.96%

Better model found in supervised training!
Epoch 24: Train Loss=0.6484, Train Acc=84.65%, Val Acc=84.58%, Test Acc=84.38%
Epoch 25: Train Loss=0.6281, Train Acc=85.16%, Val Acc=84.47%, Test Acc=84.69%
Epoch 26: Train Loss=0.6040, Train Acc=85.59%, Val Acc=84.58%, Test Acc=84.64%

Better model found in supervised training!
Epoch 27: Train Loss=0.6064, Train Acc=85.68%, Val Acc=84.97%, Test Acc=84.64%
Epoch 28: Train Loss=0.6129, Train Acc=85.28%, Val Acc=84.75%, Test Acc=84.59%
Epoch 29: Train Loss=0.6170, Train Acc=85.79%, Val Acc=84.64%, Test Acc=84.64%
Epoch 30: Train Loss=0.5922, Train Acc=85.84%, Val Acc=84.64%, Test Acc=84.74%

==================================================
Supervised Training Finished!
Best Val Acc (Supervised): 84.97%
==================================================


==================================================
Phase 2: TENT - Test-Time Adaptation on Validation Set
==================================================

Optimizing 156 BatchNorm parameters
Parameters: ['_bn0.weight', '_bn0.bias', '_blocks.0._bn1.weight', '_blocks.0._bn1.bias', '_blocks.0._bn2.weight']... (showing first 5)
Average TENT Loss: 1.0156

==================================================
Final Results:
==================================================
After Supervised Training:
  Best Val Acc: 84.97%

After TENT Adaptation:
  Val Acc: 28.19% (Val Top5: 49.92%)
  Test Acc: 28.80% (Test Top5: 49.25%)
  Improvement: -56.78%
==================================================
