Environment: Lilei
Python location: /home/liqinglei/miniconda3/envs/Lilei/bin/python
Job started at: 2025年 10月 18日 星期六 17:00:45 CST
Running on: dm-server-10
**************************************************
Baseline: TENT (Test-Time Entropy Minimization)
batch_size: 32
Dataset: CUB200, Model: efficientnet-b3
TENT learning rate: 0.001
TENT steps per batch: 1
**************************************************
Training: 8084, Val: 1777, Test: 1927

==================================================
Phase 1: Standard Supervised Training
==================================================


Better model found in supervised training!
Epoch 1: Train Loss=5.2936, Train Acc=0.67%, Val Acc=2.48%, Test Acc=2.02%

Better model found in supervised training!
Epoch 2: Train Loss=5.1737, Train Acc=3.22%, Val Acc=12.72%, Test Acc=13.18%

Better model found in supervised training!
Epoch 3: Train Loss=4.8516, Train Acc=14.11%, Val Acc=31.74%, Test Acc=31.24%

Better model found in supervised training!
Epoch 4: Train Loss=3.9830, Train Acc=28.20%, Val Acc=44.85%, Test Acc=45.15%

Better model found in supervised training!
Epoch 5: Train Loss=2.9192, Train Acc=41.76%, Val Acc=62.58%, Test Acc=61.75%

Better model found in supervised training!
Epoch 6: Train Loss=2.1941, Train Acc=52.73%, Val Acc=68.04%, Test Acc=68.14%

Better model found in supervised training!
Epoch 7: Train Loss=1.7932, Train Acc=59.17%, Val Acc=73.10%, Test Acc=73.27%

Better model found in supervised training!
Epoch 8: Train Loss=1.5646, Train Acc=63.33%, Val Acc=77.32%, Test Acc=77.58%

Better model found in supervised training!
Epoch 9: Train Loss=1.3663, Train Acc=68.06%, Val Acc=78.33%, Test Acc=77.58%

Better model found in supervised training!
Epoch 10: Train Loss=1.2238, Train Acc=71.08%, Val Acc=78.62%, Test Acc=78.67%

Better model found in supervised training!
Epoch 11: Train Loss=1.1218, Train Acc=73.23%, Val Acc=80.59%, Test Acc=80.59%

Better model found in supervised training!
Epoch 12: Train Loss=1.0738, Train Acc=73.94%, Val Acc=80.81%, Test Acc=80.59%

Better model found in supervised training!
Epoch 13: Train Loss=0.9957, Train Acc=75.66%, Val Acc=82.39%, Test Acc=81.53%
Epoch 14: Train Loss=0.9298, Train Acc=77.51%, Val Acc=81.71%, Test Acc=81.32%
Epoch 15: Train Loss=0.8922, Train Acc=78.28%, Val Acc=81.71%, Test Acc=82.62%

Better model found in supervised training!
Epoch 16: Train Loss=0.8411, Train Acc=79.91%, Val Acc=82.67%, Test Acc=83.13%

Better model found in supervised training!
Epoch 17: Train Loss=0.8216, Train Acc=80.36%, Val Acc=83.12%, Test Acc=82.62%
Epoch 18: Train Loss=0.7533, Train Acc=82.10%, Val Acc=82.84%, Test Acc=82.72%

Better model found in supervised training!
Epoch 19: Train Loss=0.7635, Train Acc=81.40%, Val Acc=83.57%, Test Acc=83.13%
Epoch 20: Train Loss=0.7112, Train Acc=82.81%, Val Acc=83.46%, Test Acc=82.72%

Better model found in supervised training!
Epoch 21: Train Loss=0.6860, Train Acc=83.41%, Val Acc=84.13%, Test Acc=84.17%
Epoch 22: Train Loss=0.6582, Train Acc=84.28%, Val Acc=83.96%, Test Acc=83.03%

Better model found in supervised training!
Epoch 23: Train Loss=0.6502, Train Acc=84.22%, Val Acc=84.81%, Test Acc=84.12%
Epoch 24: Train Loss=0.6636, Train Acc=84.07%, Val Acc=84.81%, Test Acc=84.38%

Better model found in supervised training!
Epoch 25: Train Loss=0.6254, Train Acc=85.29%, Val Acc=84.97%, Test Acc=84.48%
Epoch 26: Train Loss=0.6066, Train Acc=85.51%, Val Acc=84.97%, Test Acc=84.48%

Better model found in supervised training!
Epoch 27: Train Loss=0.6087, Train Acc=85.28%, Val Acc=85.26%, Test Acc=83.96%
Epoch 28: Train Loss=0.6127, Train Acc=85.35%, Val Acc=84.97%, Test Acc=84.28%
Epoch 29: Train Loss=0.6020, Train Acc=86.11%, Val Acc=84.81%, Test Acc=84.43%
Epoch 30: Train Loss=0.5811, Train Acc=86.45%, Val Acc=84.92%, Test Acc=84.17%

==================================================
Supervised Training Finished!
Best Val Acc (Supervised): 85.26%
==================================================


==================================================
Phase 2: TENT - Test-Time Adaptation on Validation Set
==================================================

Optimizing 156 BatchNorm parameters
Parameters: ['_bn0.weight', '_bn0.bias', '_blocks.0._bn1.weight', '_blocks.0._bn1.bias', '_blocks.0._bn2.weight']... (showing first 5)
Average TENT Loss: 0.9758

==================================================
Final Results:
==================================================
After Supervised Training:
  Best Val Acc: 85.26%

After TENT Adaptation:
  Val Acc: 28.76% (Val Top5: 49.80%)
  Test Acc: 28.39% (Test Top5: 48.68%)
  Improvement: -56.50%
==================================================
