Environment: Lilei
Python location: /home/liqinglei/miniconda3/envs/Lilei/bin/python
Job started at: 2025年 10月 18日 星期六 21:16:28 CST
Running on: dm-server-2
**************************************************
Baseline: CoTTA (Continual Test-Time Adaptation)
batch_size: 32
Dataset: CUB200, Model: efficientnet-b3
CoTTA learning rate: 0.001
EMA decay: 0.999
Restoration probability: 0.01
Augmentation times: 32
**************************************************
Training: 8084, Val: 1777, Test: 1927

==================================================
Phase 1: Standard Supervised Training
==================================================


Better model found in supervised training!
Epoch 1: Train Loss=5.2914, Train Acc=0.73%, Val Acc=1.46%, Test Acc=2.13%

Better model found in supervised training!
Epoch 2: Train Loss=5.1745, Train Acc=3.10%, Val Acc=13.45%, Test Acc=13.28%

Better model found in supervised training!
Epoch 3: Train Loss=4.8481, Train Acc=13.61%, Val Acc=30.95%, Test Acc=30.77%

Better model found in supervised training!
Epoch 4: Train Loss=3.9882, Train Acc=27.54%, Val Acc=45.13%, Test Acc=45.87%

Better model found in supervised training!
Epoch 5: Train Loss=2.9424, Train Acc=40.81%, Val Acc=61.68%, Test Acc=59.26%

Better model found in supervised training!
Epoch 6: Train Loss=2.2315, Train Acc=51.82%, Val Acc=68.88%, Test Acc=68.60%

Better model found in supervised training!
Epoch 7: Train Loss=1.8229, Train Acc=58.72%, Val Acc=74.73%, Test Acc=74.52%

Better model found in supervised training!
Epoch 8: Train Loss=1.5720, Train Acc=63.40%, Val Acc=76.93%, Test Acc=76.02%

Better model found in supervised training!
Epoch 9: Train Loss=1.3524, Train Acc=67.89%, Val Acc=77.83%, Test Acc=78.26%

Better model found in supervised training!
Epoch 10: Train Loss=1.2242, Train Acc=70.86%, Val Acc=78.90%, Test Acc=79.09%

Better model found in supervised training!
Epoch 11: Train Loss=1.1495, Train Acc=71.93%, Val Acc=80.53%, Test Acc=80.07%

Better model found in supervised training!
Epoch 12: Train Loss=1.0571, Train Acc=74.41%, Val Acc=81.37%, Test Acc=80.07%
Epoch 13: Train Loss=1.0058, Train Acc=76.20%, Val Acc=81.32%, Test Acc=81.21%

Better model found in supervised training!
Epoch 14: Train Loss=0.9604, Train Acc=76.77%, Val Acc=82.50%, Test Acc=82.10%
Epoch 15: Train Loss=0.8926, Train Acc=78.66%, Val Acc=81.82%, Test Acc=81.99%

Better model found in supervised training!
Epoch 16: Train Loss=0.8423, Train Acc=79.50%, Val Acc=83.17%, Test Acc=83.19%
Epoch 17: Train Loss=0.8121, Train Acc=80.08%, Val Acc=82.67%, Test Acc=82.67%
Epoch 18: Train Loss=0.7801, Train Acc=80.88%, Val Acc=82.78%, Test Acc=82.30%

Better model found in supervised training!
Epoch 19: Train Loss=0.7470, Train Acc=82.25%, Val Acc=83.62%, Test Acc=83.60%
Epoch 20: Train Loss=0.7393, Train Acc=82.60%, Val Acc=83.40%, Test Acc=83.55%

Better model found in supervised training!
Epoch 21: Train Loss=0.6959, Train Acc=83.04%, Val Acc=83.68%, Test Acc=83.55%

Better model found in supervised training!
Epoch 22: Train Loss=0.6896, Train Acc=83.89%, Val Acc=84.24%, Test Acc=83.91%

Better model found in supervised training!
Epoch 23: Train Loss=0.6695, Train Acc=84.09%, Val Acc=84.30%, Test Acc=84.12%
Epoch 24: Train Loss=0.6282, Train Acc=85.17%, Val Acc=84.13%, Test Acc=84.07%

Better model found in supervised training!
Epoch 25: Train Loss=0.6112, Train Acc=85.42%, Val Acc=84.81%, Test Acc=84.02%
Epoch 26: Train Loss=0.6555, Train Acc=84.50%, Val Acc=84.58%, Test Acc=84.07%
Epoch 27: Train Loss=0.6287, Train Acc=85.27%, Val Acc=84.75%, Test Acc=84.38%

Better model found in supervised training!
Epoch 28: Train Loss=0.6040, Train Acc=85.60%, Val Acc=84.86%, Test Acc=84.48%

Better model found in supervised training!
Epoch 29: Train Loss=0.6127, Train Acc=85.69%, Val Acc=85.03%, Test Acc=84.59%

Better model found in supervised training!
Epoch 30: Train Loss=0.6191, Train Acc=85.24%, Val Acc=85.09%, Test Acc=84.38%

==================================================
Supervised Training Finished!
Best Val Acc (Supervised): 85.09%
==================================================


==================================================
Phase 2: CoTTA - Continual Test-Time Adaptation
==================================================

Optimizing 156 BatchNorm parameters

Average CoTTA Loss: 0.9967
