Environment: Lilei
Python location: /home/liqinglei/miniconda3/envs/Lilei/bin/python
Job started at: 2025年 10月 18日 星期六 21:25:47 CST
Running on: dm-server-10
**************************************************
Baseline: MoCo (Momentum Contrast)
batch_size: 32
Dataset: CUB200, Model: efficientnet-b3
Temperature: 0.07
Feature dim: 128
Momentum: 0.999
Queue size: 4096
**************************************************
Training: 8084, Val: 1777, Test: 1927

==================================================
Phase 1: MoCo Self-Supervised Pre-training
==================================================

Epoch 1: MoCo Loss=6.3849
Epoch 2: MoCo Loss=5.8491
Epoch 3: MoCo Loss=4.9802
Epoch 4: MoCo Loss=4.0929
Epoch 5: MoCo Loss=3.3699
Epoch 6: MoCo Loss=2.8031
Epoch 7: MoCo Loss=2.3485
Epoch 8: MoCo Loss=2.0470
Epoch 9: MoCo Loss=1.7642
Epoch 10: MoCo Loss=1.6110
Epoch 11: MoCo Loss=1.4356
Epoch 12: MoCo Loss=1.3112
Epoch 13: MoCo Loss=1.2292
Epoch 14: MoCo Loss=1.1262
Epoch 15: MoCo Loss=1.0899
Epoch 16: MoCo Loss=1.0194
Epoch 17: MoCo Loss=0.9615
Epoch 18: MoCo Loss=0.9364
Epoch 19: MoCo Loss=0.9088
Epoch 20: MoCo Loss=0.8648
Epoch 21: MoCo Loss=0.8597
Epoch 22: MoCo Loss=0.8341
Epoch 23: MoCo Loss=0.8013
Epoch 24: MoCo Loss=0.7808
Epoch 25: MoCo Loss=0.7740
Epoch 26: MoCo Loss=0.7646
Epoch 27: MoCo Loss=0.7366
Epoch 28: MoCo Loss=0.7315
Epoch 29: MoCo Loss=0.7443
