Environment: Lilei
Python location: /home/liqinglei/miniconda3/envs/Lilei/bin/python
Job started at: 2025年 10月 18日 星期六 21:19:38 CST
Running on: dm-server-10
**************************************************
Baseline: SimCLR (Self-Supervised Contrastive Learning)
batch_size: 32
Dataset: CUB200, Model: efficientnet-b3
Temperature: 0.5
Feature dim: 128
**************************************************
Training: 8084, Val: 1777, Test: 1927

==================================================
Phase 1: SimCLR Self-Supervised Pre-training
==================================================

Epoch 1: SimCLR Loss=4.1458
Epoch 2: SimCLR Loss=4.1476
Epoch 3: SimCLR Loss=4.1471
Epoch 4: SimCLR Loss=4.1455
Epoch 5: SimCLR Loss=4.1445
Epoch 6: SimCLR Loss=4.1446
Epoch 7: SimCLR Loss=4.1453
Epoch 8: SimCLR Loss=4.1427
Epoch 9: SimCLR Loss=4.1418
Epoch 10: SimCLR Loss=4.1439
Epoch 11: SimCLR Loss=4.1451
Epoch 12: SimCLR Loss=4.1461
Epoch 13: SimCLR Loss=4.1435
Epoch 14: SimCLR Loss=4.1433
Epoch 15: SimCLR Loss=4.1440
Epoch 16: SimCLR Loss=4.1427
Epoch 17: SimCLR Loss=4.1423
Epoch 18: SimCLR Loss=4.1427
Epoch 19: SimCLR Loss=4.1426
Epoch 20: SimCLR Loss=4.1445
Epoch 21: SimCLR Loss=4.1443
Epoch 22: SimCLR Loss=4.1448
Epoch 23: SimCLR Loss=4.1426
Epoch 24: SimCLR Loss=4.1420
Epoch 25: SimCLR Loss=4.1444
Epoch 26: SimCLR Loss=4.1423
Epoch 27: SimCLR Loss=4.1427
Epoch 28: SimCLR Loss=4.1427
Epoch 29: SimCLR Loss=4.1434
Epoch 30: SimCLR Loss=4.1444

==================================================
SimCLR Pre-training Finished!
==================================================


==================================================
Phase 2: k-NN Evaluation
==================================================

Building feature bank from training set...
Feature bank size: torch.Size([8084, 1536])
Evaluating on validation set...
Evaluating on test set...

==================================================
Final Results (k-NN Evaluation):
==================================================
Val Acc: 47.83%
Test Acc: 46.13%
==================================================
